PASS  §12 events: user and admin events on, declared types, retention  (retention 604800s, 26 user event types)
PASS  §12 view-events: the BFF admin service account reads events
PASS  §12 names read-only for the person, lastName not required
PASS  §12 identity providers and their mappers use IMPORT
PASS  §12 employee flow: password, then a conditional one-time code
PASS  §12 self-service required actions are enabled as declared
PASS  surface client policy: CSV action allowlist and password-setup redirect
PASS  a nameless employee signs in with password only, no profile prompt
PASS  §8 CONFIGURE_TOTP, then the code is demanded at the next employee sign-in
PASS  §8 delete_credential removes the second factor; the code step goes away
PASS  §8 UPDATE_PASSWORD: the new password works, the old one no longer does
FAIL  §8 UPDATE_EMAIL: saved only after the new address is verified
FAIL  §8 VERIFY_EMAIL for an unverified address
PASS  §9 new identity provider by configuration: IMPORT and the shared linking flow
FAIL  §8 idp_link links an outside account to a signed-in employee
FAIL  D19 IMPORT: a provider's later name change does not overwrite Keycloak's
PASS  LOGOUT is recorded when a session is signed out
FAIL  the BFF service account sees every event the revocation poller needs
PASS  frozen §10: password changes use code_id; login/logout use sessionId
PASS  frozen §10: membership removal identifies the person in resourcePath
PASS  §9 staff SSO policy: otpRequirement REQUIRED makes every employee set up a code
PASS  §9 Keycloak-hosted authenticator and new self-service action: recovery codes
FAIL  §9 new browser surface: a client added by configuration survives the script
PASS  §9 new login-page string through realm localisation
18/24 checks passed against Keycloak 26.7.3
Exit code: 1; elapsed seconds: 699
