
> configurator-blue-login-theme@0.0.0 test
> vitest run


 RUN  v2.1.9 /Users/kanavdwevedi/repositories/egov/_wt/identity-surf-keycloak/keycloak/theme-src

 ✓ tests/coverage.test.ts (13 tests) 3ms
 ✓ tests/tokens.test.ts (2 tests) 513ms
   ✓ palettes generated from the Configurator > are committed as the generator writes them today 489ms
 ✓ tests/themeChoice.test.ts (2 tests) 3ms
 ✓ tests/passwordHelp.test.ts (2 tests) 2ms
 ✓ tests/login-message-keys.test.ts (3 tests) 3ms
 ✓ tests/branding.test.ts (13 tests) 19ms
stderr | tests/pages.test.tsx > every covered page renders in the DIGIT shell > login-username.ftl
Not implemented: navigation to another Document
Not implemented: navigation to another Document

stderr | tests/pages.test.tsx > every covered page renders in the DIGIT shell > login-password.ftl
Not implemented: navigation to another Document
Not implemented: navigation to another Document

stderr | tests/pages.test.tsx > every covered page renders in the DIGIT shell > login-reset-password.ftl
Not implemented: navigation to another Document
Not implemented: navigation to another Document

stderr | tests/pages.test.tsx > every covered page renders in the DIGIT shell > login-update-password.ftl
Not implemented: navigation to another Document
Not implemented: navigation to another Document

stderr | tests/pages.test.tsx > every covered page renders in the DIGIT shell > login-verify-email.ftl
Not implemented: navigation to another Document
Not implemented: navigation to another Document

stderr | tests/pages.test.tsx > every covered page renders in the DIGIT shell > login-idp-link-confirm.ftl
Not implemented: navigation to another Document
Not implemented: navigation to another Document

stderr | tests/pages.test.tsx > every covered page renders in the DIGIT shell > login-idp-link-email.ftl
Not implemented: navigation to another Document
Not implemented: navigation to another Document

stderr | tests/pages.test.tsx > every covered page renders in the DIGIT shell > login-page-expired.ftl
Not implemented: navigation to another Document
Not implemented: navigation to another Document

stderr | tests/pages.test.tsx > every covered page renders in the DIGIT shell > info.ftl
Not implemented: navigation to another Document
Not implemented: navigation to another Document

stderr | tests/pages.test.tsx > every covered page renders in the DIGIT shell > error.ftl
Not implemented: navigation to another Document
Not implemented: navigation to another Document

stderr | tests/pages.test.tsx > login.ftl > posts credentials to Keycloak's own action and nowhere else
Not implemented: navigation to another Document
Not implemented: navigation to another Document
Not implemented: navigation to another Document

stderr | tests/pages.test.tsx > login.ftl > keeps Keycloak's hidden credentialId
Not implemented: navigation to another Document
Not implemented: navigation to another Document
Not implemented: navigation to another Document

stderr | tests/pages.test.tsx > login.ftl > shows an invalid-credential error on the field, without naming which half failed
Not implemented: navigation to another Document
Not implemented: navigation to another Document
Not implemented: navigation to another Document

stderr | tests/pages.test.tsx > login.ftl > offers the enabled identity providers as links to Keycloak's broker
Not implemented: navigation to another Document
Not implemented: navigation to another Document
Not implemented: navigation to another Document

stderr | tests/pages.test.tsx > login.ftl > keeps the way back to the Configurator for password help
Not implemented: navigation to another Document
Not implemented: navigation to another Document
Not implemented: navigation to another Document

stderr | tests/pages.test.tsx > login-update-password.ftl > asks for the new password twice and reports a mismatch on the confirm field
Not implemented: navigation to another Document
Not implemented: navigation to another Document

stderr | tests/pages.test.tsx > login-update-password.ftl > offers logging other sessions out
Not implemented: navigation to another Document
Not implemented: navigation to another Document

stderr | tests/pages.test.tsx > login-reset-password.ftl > explains the reset and uses a specific action label without enumerating accounts
Not implemented: navigation to another Document
Not implemented: navigation to another Document

stderr | tests/pages.test.tsx > login-page-expired.ftl > keeps both of Keycloak's recovery routes
Not implemented: navigation to another Document
Not implemented: navigation to another Document

stderr | tests/pages.test.tsx > error.ftl > shows the server message in the themed alert and links back to the application
Not implemented: navigation to another Document
Not implemented: navigation to another Document

stderr | tests/pages.test.tsx > password reveal > labels the toggle and points it at the input it controls
Not implemented: navigation to another Document
Not implemented: navigation to another Document
Not implemented: navigation to another Document

 ✓ tests/pages.test.tsx (22 tests) 528ms

 Test Files  7 passed (7)
      Tests  57 passed (57)
   Start at  20:38:02
   Duration  1.99s (transform 328ms, setup 1.08s, collect 285ms, tests 1.07s, environment 4.35s, prepare 654ms)

